/media/simon/UniversalStorage/FilingCabinet/School/coms309/4_rasel_3/Backend/src/main/java/backend/Users/User.java
/media/simon/UniversalStorage/FilingCabinet/School/coms309/4_rasel_3/Backend/src/main/java/backend/Majors/MajorController.java
/media/simon/UniversalStorage/FilingCabinet/School/coms309/4_rasel_3/Backend/src/main/java/backend/Majors/Major.java
/media/simon/UniversalStorage/FilingCabinet/School/coms309/4_rasel_3/Backend/src/main/java/backend/Courses/CourseRepository.java
/media/simon/UniversalStorage/FilingCabinet/School/coms309/4_rasel_3/Backend/src/main/java/backend/Annotations/VideoAnnotation.java
/media/simon/UniversalStorage/FilingCabinet/School/coms309/4_rasel_3/Backend/src/main/java/backend/Files/SysFile.java
/media/simon/UniversalStorage/FilingCabinet/School/coms309/4_rasel_3/Backend/src/main/java/backend/Annotations/WebSocketConfig.java
/media/simon/UniversalStorage/FilingCabinet/School/coms309/4_rasel_3/Backend/src/main/java/backend/Courses/Course.java
/media/simon/UniversalStorage/FilingCabinet/School/coms309/4_rasel_3/Backend/src/main/java/backend/Users/UserController.java
/media/simon/UniversalStorage/FilingCabinet/School/coms309/4_rasel_3/Backend/src/main/java/backend/Annotations/AnnotationRepository.java
/media/simon/UniversalStorage/FilingCabinet/School/coms309/4_rasel_3/Backend/src/main/java/backend/Annotations/AnnotationServer.java
/media/simon/UniversalStorage/FilingCabinet/School/coms309/4_rasel_3/Backend/src/main/java/backend/Search/SearchController.java
/media/simon/UniversalStorage/FilingCabinet/School/coms309/4_rasel_3/Backend/src/main/java/backend/Users/UserUtils.java
/media/simon/UniversalStorage/FilingCabinet/School/coms309/4_rasel_3/Backend/src/main/java/backend/Majors/MajorRepository.java
/media/simon/UniversalStorage/FilingCabinet/School/coms309/4_rasel_3/Backend/src/main/java/backend/Annotations/TextAnnotation.java
/media/simon/UniversalStorage/FilingCabinet/School/coms309/4_rasel_3/Backend/src/main/java/backend/Files/FileUtils.java
/media/simon/UniversalStorage/FilingCabinet/School/coms309/4_rasel_3/Backend/src/main/java/backend/Annotations/Annotation.java
/media/simon/UniversalStorage/FilingCabinet/School/coms309/4_rasel_3/Backend/src/main/java/backend/Libraries/LibraryUtils.java
/media/simon/UniversalStorage/FilingCabinet/School/coms309/4_rasel_3/Backend/src/main/java/backend/Announcements/Announcement.java
/media/simon/UniversalStorage/FilingCabinet/School/coms309/4_rasel_3/Backend/src/main/java/backend/Announcements/AnnouncementController.java
/media/simon/UniversalStorage/FilingCabinet/School/coms309/4_rasel_3/Backend/src/main/java/backend/Libraries/CourseThumbnail.java
/media/simon/UniversalStorage/FilingCabinet/School/coms309/4_rasel_3/Backend/src/main/java/backend/Users/UserRepository.java
/media/simon/UniversalStorage/FilingCabinet/School/coms309/4_rasel_3/Backend/src/main/java/backend/Files/SysFileRepository.java
/media/simon/UniversalStorage/FilingCabinet/School/coms309/4_rasel_3/Backend/src/main/java/backend/Announcements/AnnouncementRepository.java
/media/simon/UniversalStorage/FilingCabinet/School/coms309/4_rasel_3/Backend/src/main/java/backend/Courses/CourseController.java
/media/simon/UniversalStorage/FilingCabinet/School/coms309/4_rasel_3/Backend/src/main/java/backend/Search/SearchObj.java
/media/simon/UniversalStorage/FilingCabinet/School/coms309/4_rasel_3/Backend/src/main/java/backend/Libraries/CourseLibraryController.java
/media/simon/UniversalStorage/FilingCabinet/School/coms309/4_rasel_3/Backend/src/main/java/backend/Courses/CourseUtils.java
/media/simon/UniversalStorage/FilingCabinet/School/coms309/4_rasel_3/Backend/src/main/java/backend/Main.java
/media/simon/UniversalStorage/FilingCabinet/School/coms309/4_rasel_3/Backend/src/main/java/backend/Files/FileController.java
